// Jest Snapshot v1, https://goo.gl/fbAQLP

exports[`expect to render Card List Component 1`] = `
<div>
  <Card
    email="paman.chuakz@gmail.com"
    id={1}
    key="0"
    name="Paman"
  />
</div>
`;
